// Jest Snapshot v1, https://goo.gl/fbAQLP

exports[`Components testing Splash component 1`] = `
Object {
  "asFragment": [Function],
  "baseElement": <body>
    <div>
      <div
        class="splashBG h-screen w-full flex flex-col  items-center justify-center bg-[#6D22FB]"
      >
        <div
          class="grow-[4] w-1/3 flex items-center justify-center"
        >
          <img
            alt="Logo of MicroVago"
            src="logo.png"
          />
        </div>
        <div
          class="AuthenticationBtns grow flex flex-col gap-4 text-xl font-medium text-center w-full"
        >
          <a
            class="w-[70%] lg:w-1/4 mx-auto py-4 rounded-full mx-auto bg-white text-[#6D22FB] text-white cursor-pointer"
            href="/login"
          >
            Login
          </a>
          <a
            class="w-[70%] lg:w-1/4 mx-auto py-4 border-2 border-white text-white rounded-full cursor-pointer"
            href="/signup"
          >
            Sign up
          </a>
        </div>
      </div>
    </div>
  </body>,
  "container": <div>
    <div
      class="splashBG h-screen w-full flex flex-col  items-center justify-center bg-[#6D22FB]"
    >
      <div
        class="grow-[4] w-1/3 flex items-center justify-center"
      >
        <img
          alt="Logo of MicroVago"
          src="logo.png"
        />
      </div>
      <div
        class="AuthenticationBtns grow flex flex-col gap-4 text-xl font-medium text-center w-full"
      >
        <a
          class="w-[70%] lg:w-1/4 mx-auto py-4 rounded-full mx-auto bg-white text-[#6D22FB] text-white cursor-pointer"
          href="/login"
        >
          Login
        </a>
        <a
          class="w-[70%] lg:w-1/4 mx-auto py-4 border-2 border-white text-white rounded-full cursor-pointer"
          href="/signup"
        >
          Sign up
        </a>
      </div>
    </div>
  </div>,
  "debug": [Function],
  "findAllByAltText": [Function],
  "findAllByDisplayValue": [Function],
  "findAllByLabelText": [Function],
  "findAllByPlaceholderText": [Function],
  "findAllByRole": [Function],
  "findAllByTestId": [Function],
  "findAllByText": [Function],
  "findAllByTitle": [Function],
  "findByAltText": [Function],
  "findByDisplayValue": [Function],
  "findByLabelText": [Function],
  "findByPlaceholderText": [Function],
  "findByRole": [Function],
  "findByTestId": [Function],
  "findByText": [Function],
  "findByTitle": [Function],
  "getAllByAltText": [Function],
  "getAllByDisplayValue": [Function],
  "getAllByLabelText": [Function],
  "getAllByPlaceholderText": [Function],
  "getAllByRole": [Function],
  "getAllByTestId": [Function],
  "getAllByText": [Function],
  "getAllByTitle": [Function],
  "getByAltText": [Function],
  "getByDisplayValue": [Function],
  "getByLabelText": [Function],
  "getByPlaceholderText": [Function],
  "getByRole": [Function],
  "getByTestId": [Function],
  "getByText": [Function],
  "getByTitle": [Function],
  "queryAllByAltText": [Function],
  "queryAllByDisplayValue": [Function],
  "queryAllByLabelText": [Function],
  "queryAllByPlaceholderText": [Function],
  "queryAllByRole": [Function],
  "queryAllByTestId": [Function],
  "queryAllByText": [Function],
  "queryAllByTitle": [Function],
  "queryByAltText": [Function],
  "queryByDisplayValue": [Function],
  "queryByLabelText": [Function],
  "queryByPlaceholderText": [Function],
  "queryByRole": [Function],
  "queryByTestId": [Function],
  "queryByText": [Function],
  "queryByTitle": [Function],
  "rerender": [Function],
  "unmount": [Function],
}
`;
